<testsuite name="Mocha Tests" tests="0" failures="0" errors="0" skip="0" timestamp="Wed, 14 Nov 2012 17:35:28 GMT" time="0">
</testsuite>
